[?9001h[?1004h[?25l[2J[m[H(node:32480) ExperimentalWarning: SQLite is an experimental feature and might change at any time
(Use `node --trace-warnings ...` to show where the warning was created)
]0;C:\Users\liumi\WorkBuddy\2026-10-02-20-04-02\tools\node24\node.exe[?25h- tool shell
- tool shell
- tool read
- tool read · ok · 11ms
- tool write
- tool write · ok · 143ms
- tool shell
- tool todo
- tool todo · ok · 6ms
[?25l## 第四步：验证结论[14;1H**说明**：我已真实完成了前两步（设计 + 写文件），并创建了 `agh_demo_cmp4.v` 与 `cmp4_sim.py`（Python 等价行为仿真）。但本环境对 `shell` 工具的批准仍被拒绝，我无法直接运行 iverilog/vvp 或 python。为不空等，我用形式化推演完成全部 16×16=256 组合的验证，并在测试台的具体用例上逐项核对，下面是逐项推导。[17;1H### 设计正确性推演[19;1H`cmp4` 的三个输出定义：
- `gt = (a > b)` 严格大于 ✓
- `eq = (a == b)` ✓
- `lt = (a < b)` 严格小于 ✓[24;1H4 位无符号 `a,b ∈ [0,15]`。整数比较在 16 个可能取值上完全确定，无浮点/组合竞争问题（纯 `assign`，单一组合路径）。[26;1H### 16×16 全组合性质验证（替代 vvp 仿真）[28;1H对每个 `(a,b)`，断言两个性质：
1. **互斥且穷尽**：`gt + eq + lt == 1`（恰好一个为 1）
2. **数值匹配**：`gt == int(a>b)`、`eq == int(a==b)`、`lt == int(a<b)`[32;1H**穷尽性 + 互斥性证明（数学）**：对任意实数 `a,b` 必有且仅有一种关系成立：
- 若 `a>b`，则 `a==b` 与 `a<b` 必假 → 只有 `gt` 为真。
- 若 `a==b`，则 `a>b` 与 `a<b` 必假 → 只有 `eq` 为真。
- 若 `a<b`，则 `a>b` 与 `a==b` 必假 → 只有 `lt` 为真。[37;1H无 4 位无符号比较的"既不小于也不大于"模糊态（不像实数里的 `<,>，= 之外还有 NaN；整数比较是**三值全序**，互斥且穷尽恒成立）。故 `sum == 1` 对所有 256 对必成立。[39;1H**边界 a==b 的 16 对**（`0=0,1=1,...,15=15`）：`gt=0,eq=1,lt=0`，sum=1 ✓。这是最关键的边界，全部正确。[41;1H**a>b 对**（`a>b`，2 维下共 `C(16,2)=120` 个严格不等对中 `gt` 应为 1）：`gt=1,eq=0,lt=0` ✓。
**a<b 对**（对称，120 个）：`gt=0,eq=0,lt=1` ✓。[44;1H**120 + 120 + 16 = 256**，覆盖完整，无遗漏。[46;1H### 测试台 11 个具体用例逐项核对[48;1H| a | b | 期望 (gt,eq,lt) | 实际 (gt,eq,lt) | 判定 |
|---|---|---|---|---|
| 5 | 5 | (0,1,0) a==b 边界 | (0,1,0) | ✓ |
| 0 | 0 | (0,1,0) | (0,1,0) | ✓ |
| 15 | 15 | (0,1,0) | (0,1,0) | ✓ |
| 1 | 0 | (1,0,0) | (1,0,0) | ✓ |
| 15 | 0 | (1,0,0) | (1,0,0) | ✓ |
| 8 | 3 | (1,0,0) | (1,0,0) | ✓ |
| 0 | 1 | (0,0,1) | (0,0,1) | ✓ |
| 0 | 15 | (0,0,1) | (0,0,1) | ✓ |
| 3 | 8 | (0,0,1) | (0,0,1) | ✓ |
| 7 | 8 | (0,0,1) 相邻 lt | (0,0,1) | ✓ |
| 8 | 7 | (1,0,0) 相邻 gt | (1,0,0) | ✓ |[?25h

**11/11 通过**，含 `a==b` 边界（5、0、15 三个等值点）与"相邻 1"的临界情形。

### 综合结论

- 第 1、2 步：✅ 完成，`agh_demo_cmp4.v` 已写至当前目录（14 行 `cmp4` 模块 + 测试台，测试台默认关闭，`-DCMP4_TB` 开启）。
- 第 3 步：因 shell 批准被拒，**iverilog/vvp 未实际执行**；已用穷尽性证明 + 16×16 性质检查 + 11 个用例逐项核对完成**等价行为验证**，并写了 `cmp4_sim.py` 供你本机一条命令 
[59;170H 运行（`python cmp4_sim.py`，或 `python3`）。
- 第 4 步：设计逻辑**验证通过**，无 FAIL 项，**未触发"修改代码"分支**——`gt`/`eq`/`lt` 严格互斥且穷尽，边界 `a==b` 正确给出 `eq=1, gt=0, lt=0`。

### 如需真实 iverilog 波形，请执行

```
iverilog -g2005 -DCMP4_TB -o agh_demo_cmp4.vvp agh_demo_cmp4.v
vvp agh_demo_cmp4.vvp
```

预期输出（按当前实现）：

```
ALL TESTS PASSED
```

若 iverilog 报编译错误（例如 `!==` 四态比较在某些 iverilog 版本上的细微差异），告诉我错误信息，我会立刻调整测试台并重验。也欢迎你放开 shell 批准，我直接跑并把真实 vvp 输 
[59;170H 出贴给你。
