[?9001h[?1004h[?25l[2J[m[H(node:25940) ExperimentalWarning: SQLite is an experimental feature and might change at any time
(Use `node --trace-warnings ...` to show where the warning was created)
]0;C:\Users\liumi\WorkBuddy\2026-10-02-20-04-02\tools\node24\node.exe[?25h[?1049h[2J[?25l[H[K
[K
[K
[K
[K
[K
[K
[K
[K
[K
[K
[K
[K
[K
[K
[K
[K
[K
[K
[K
[K
[K
[K
[K
[K
[K
[K
[K
[K
[K
[K
[K
[K
[K
[K
[K
[K
[K
[K
[K
[K
[K
[K
[K
[K
[K
[K
[K
[K
[K
[K
[K
[K
[K
[K
[K
[K
[K
[K
[K[H[?25h[2J[?25l[K
[K
[K
[K
[K
[K
[K
[K
[K
[K
[K
[K
[K
[K
[K
[K
[K
[K
[K
[K
[K
[K
[K
[K
[K
[K
[K
[K
[K
[K
[K
[K
[K
[K
[K
[K
[K
[K
[K
[K
[K
[K
[K
[K
[K
[K
[K
[K
[K
[K
[K
[K
[K
[K
[K
[K
[K
[K
[K
[K[H[?25hagnes · local-dev · (default) · dc63a498 · g1                                                                                                                              ╭─ Agnes AI ·ᴗ· ─────────────────────────────────────────────────────────────╮[K
 │ 新的想法，从这里开始                                                       │[K
 │ local-dev · (default)                                                      │[K
 │ ● agnes-3.0-flash                                          输入 / 查看命令 │[K
 ╰────────────────────────────────────────────────────────────────────────────╯[K
[K
 ╭───────────────────────────────────────────────────────────────────────────────────────────────────────────────────────────────────────────────────────────────────────╮ │ ❯ 想做点什么？从一句话开始。                                                                                                                                          │ ╰──────────────────────────────────────────────────────────────────────────────────────────────────────────────────────────────────────────────── agnes-3.0-flash · off ╯新会话使用 account-acct-c1f66168-7362-4a09-9588-261ca01eebd2/agnes-3.0-flash                                                                                              Σ ↑0 ↓0 ≈0.0%/200.0k (auto)                                                                                                                                               [9;6H │ ❯ /yolo                                                                                                                                                               │[9;11H │ ❯ 想做点什么？从一句话开始。                                                                                                                                          │[9;6H[?25l[11;1Hfull access from seq 4: read/write inside and outside the workspace; tool approvals skipped. Explicit denies, OS permissions and command sandbox limits still apply. No T…[9;6H[?25h[?1049l[?25l[H(node:25940) ExperimentalWarning: SQLite is an experimental feature and might change at any time[K
(Use `node --trace-warnings ...` to show where the warning was created)[K
[K
[K
[K
[K
[K
[K
[K
[K
[K
[K
[K
[K
[K
[K
[K
[K
[K
[K
[K
[K
[K
[K
[K
[K
[K
[K
[K
[K
[K
[K
[K
[K
[K
[K
[K
[K
[K
[K
[K
[K
[K
[K
[K
[K
[K
[K
[K
[K
[K
[K
[K
[K
[K
[K
[K
[K
[K
[K[3;1H[?25h[?9001l[?1004l